AutoDock Vina v1.2.7
#################################################################
# If you used AutoDock Vina in your work, please cite:          #
#                                                               #
# J. Eberhardt, D. Santos-Martins, A. F. Tillack, and S. Forli  #
# AutoDock Vina 1.2.0: New Docking Methods, Expanded Force      #
# Field, and Python Bindings, J. Chem. Inf. Model. (2021)       #
# DOI 10.1021/acs.jcim.1c00203                                  #
#                                                               #
# O. Trott, A. J. Olson,                                        #
# AutoDock Vina: improving the speed and accuracy of docking    #
# with a new scoring function, efficient optimization and       #
# multithreading, J. Comp. Chem. (2010)                         #
# DOI 10.1002/jcc.21334                                         #
#                                                               #
# Please see https://github.com/ccsb-scripps/AutoDock-Vina for  #
# more information.                                             #
#################################################################

Scoring function : vina
Rigid receptor: receptors/TRPV1_model3.pdbqt
Ligand: ligands/Capsaicin.pdbqt
Grid center: X 83 Y 95 Z 95
Grid size  : X 64 Y 64 Z 64
Grid space : 0.375
Exhaustiveness: 8
CPU: 4
Verbosity: 1

WARNING: Search space volume is greater than 27000 Angstrom^3 (See FAQ)
Computing Vina grid ... done.
Performing docking (random seed: 100080) ... 
0%   10   20   30   40   50   60   70   80   90   100%
|----|----|----|----|----|----|----|----|----|----|
***************************************************

mode |   affinity | dist from best mode
     | (kcal/mol) | rmsd l.b.| rmsd u.b.
-----+------------+----------+----------
   1       -6.659          0          0
   2       -6.327      12.96      15.05
   3       -6.143      6.573      7.961
   4       -6.098      1.592       2.29
   5       -6.034      6.615      9.478
   6       -5.903      13.22       15.8
   7       -5.751      1.894      3.269
   8       -5.704      6.737      8.445
   9        -5.63      22.56      24.77
  10       -5.545       22.7      24.77
