AutoDock Vina v1.2.7
#################################################################
# If you used AutoDock Vina in your work, please cite:          #
#                                                               #
# J. Eberhardt, D. Santos-Martins, A. F. Tillack, and S. Forli  #
# AutoDock Vina 1.2.0: New Docking Methods, Expanded Force      #
# Field, and Python Bindings, J. Chem. Inf. Model. (2021)       #
# DOI 10.1021/acs.jcim.1c00203                                  #
#                                                               #
# O. Trott, A. J. Olson,                                        #
# AutoDock Vina: improving the speed and accuracy of docking    #
# with a new scoring function, efficient optimization and       #
# multithreading, J. Comp. Chem. (2010)                         #
# DOI 10.1002/jcc.21334                                         #
#                                                               #
# Please see https://github.com/ccsb-scripps/AutoDock-Vina for  #
# more information.                                             #
#################################################################

Scoring function : vina
Rigid receptor: receptors/TRPV1_model1.pdbqt
Ligand: ligands/Capsaicin.pdbqt
Grid center: X 83 Y 95 Z 95
Grid size  : X 64 Y 64 Z 64
Grid space : 0.375
Exhaustiveness: 8
CPU: 4
Verbosity: 1

WARNING: Search space volume is greater than 27000 Angstrom^3 (See FAQ)
Computing Vina grid ... done.
Performing docking (random seed: 100077) ... 
0%   10   20   30   40   50   60   70   80   90   100%
|----|----|----|----|----|----|----|----|----|----|
***************************************************

mode |   affinity | dist from best mode
     | (kcal/mol) | rmsd l.b.| rmsd u.b.
-----+------------+----------+----------
   1       -6.684          0          0
   2        -6.09      26.76      29.65
   3       -5.859      26.66      29.46
   4       -5.836      3.904      5.827
   5       -5.693      13.38      15.64
   6       -5.672       12.9      16.07
   7       -5.627      12.69      16.06
   8       -5.597      11.15      12.87
   9       -5.525      26.05      29.06
  10       -5.479      24.42      27.88
