AutoDock Vina v1.2.7
#################################################################
# If you used AutoDock Vina in your work, please cite:          #
#                                                               #
# J. Eberhardt, D. Santos-Martins, A. F. Tillack, and S. Forli  #
# AutoDock Vina 1.2.0: New Docking Methods, Expanded Force      #
# Field, and Python Bindings, J. Chem. Inf. Model. (2021)       #
# DOI 10.1021/acs.jcim.1c00203                                  #
#                                                               #
# O. Trott, A. J. Olson,                                        #
# AutoDock Vina: improving the speed and accuracy of docking    #
# with a new scoring function, efficient optimization and       #
# multithreading, J. Comp. Chem. (2010)                         #
# DOI 10.1002/jcc.21334                                         #
#                                                               #
# Please see https://github.com/ccsb-scripps/AutoDock-Vina for  #
# more information.                                             #
#################################################################

Scoring function : vina
Rigid receptor: receptors/TRPV1_model1.pdbqt
Ligand: ligands/Homodihydrocapsaicin.pdbqt
Grid center: X 83 Y 95 Z 95
Grid size  : X 64 Y 64 Z 64
Grid space : 0.375
Exhaustiveness: 8
CPU: 4
Verbosity: 1

WARNING: Search space volume is greater than 27000 Angstrom^3 (See FAQ)
Computing Vina grid ... done.
Performing docking (random seed: 100064) ... 
0%   10   20   30   40   50   60   70   80   90   100%
|----|----|----|----|----|----|----|----|----|----|
***************************************************

mode |   affinity | dist from best mode
     | (kcal/mol) | rmsd l.b.| rmsd u.b.
-----+------------+----------+----------
   1       -5.943          0          0
   2       -5.755      17.86      20.73
   3       -5.707      2.044      6.203
   4       -5.347      1.287      2.496
   5       -5.296      16.96      19.63
   6       -5.215      19.99       23.1
   7       -5.167      2.685       5.51
   8       -5.159      19.94      22.86
   9       -5.144      2.157      4.153
  10       -5.079      14.39      16.88
