AutoDock Vina v1.2.7
#################################################################
# If you used AutoDock Vina in your work, please cite:          #
#                                                               #
# J. Eberhardt, D. Santos-Martins, A. F. Tillack, and S. Forli  #
# AutoDock Vina 1.2.0: New Docking Methods, Expanded Force      #
# Field, and Python Bindings, J. Chem. Inf. Model. (2021)       #
# DOI 10.1021/acs.jcim.1c00203                                  #
#                                                               #
# O. Trott, A. J. Olson,                                        #
# AutoDock Vina: improving the speed and accuracy of docking    #
# with a new scoring function, efficient optimization and       #
# multithreading, J. Comp. Chem. (2010)                         #
# DOI 10.1002/jcc.21334                                         #
#                                                               #
# Please see https://github.com/ccsb-scripps/AutoDock-Vina for  #
# more information.                                             #
#################################################################

Scoring function : vina
Rigid receptor: receptors/TRPV1_model1.pdbqt
Ligand: ligands/Dihydrocapsaicin.pdbqt
Grid center: X 83 Y 95 Z 95
Grid size  : X 64 Y 64 Z 64
Grid space : 0.375
Exhaustiveness: 8
CPU: 4
Verbosity: 1

WARNING: Search space volume is greater than 27000 Angstrom^3 (See FAQ)
Computing Vina grid ... done.
Performing docking (random seed: 100065) ... 
0%   10   20   30   40   50   60   70   80   90   100%
|----|----|----|----|----|----|----|----|----|----|
***************************************************

mode |   affinity | dist from best mode
     | (kcal/mol) | rmsd l.b.| rmsd u.b.
-----+------------+----------+----------
   1       -6.404          0          0
   2       -5.949      27.45      30.16
   3       -5.637      25.77      28.55
   4       -5.634       14.2      15.42
   5       -5.529      27.38       29.7
   6       -5.524      21.74      26.81
   7       -5.423      25.99      29.35
   8       -5.413       1.75       2.16
   9       -5.403      12.08      13.64
  10       -5.253       4.62      8.812
