AutoDock Vina v1.2.7
#################################################################
# If you used AutoDock Vina in your work, please cite:          #
#                                                               #
# J. Eberhardt, D. Santos-Martins, A. F. Tillack, and S. Forli  #
# AutoDock Vina 1.2.0: New Docking Methods, Expanded Force      #
# Field, and Python Bindings, J. Chem. Inf. Model. (2021)       #
# DOI 10.1021/acs.jcim.1c00203                                  #
#                                                               #
# O. Trott, A. J. Olson,                                        #
# AutoDock Vina: improving the speed and accuracy of docking    #
# with a new scoring function, efficient optimization and       #
# multithreading, J. Comp. Chem. (2010)                         #
# DOI 10.1002/jcc.21334                                         #
#                                                               #
# Please see https://github.com/ccsb-scripps/AutoDock-Vina for  #
# more information.                                             #
#################################################################

Scoring function : vina
Rigid receptor: receptors/TRPV1_model4.pdbqt
Ligand: ligands/Resiniferatoxin.pdbqt
Grid center: X 83 Y 95 Z 95
Grid size  : X 64 Y 64 Z 64
Grid space : 0.375
Exhaustiveness: 8
CPU: 4
Verbosity: 1

WARNING: Search space volume is greater than 27000 Angstrom^3 (See FAQ)
Computing Vina grid ... done.
Performing docking (random seed: 100044) ... 
0%   10   20   30   40   50   60   70   80   90   100%
|----|----|----|----|----|----|----|----|----|----|
***************************************************

mode |   affinity | dist from best mode
     | (kcal/mol) | rmsd l.b.| rmsd u.b.
-----+------------+----------+----------
   1       -7.154          0          0
   2        -6.72       19.1       23.1
   3       -6.559      20.36      24.12
   4       -6.346      24.41      27.35
   5       -6.157      3.163      4.648
   6       -6.155      24.46      27.98
   7       -6.066      1.931      2.652
   8       -5.874      3.384      7.122
   9       -5.815      10.62      15.61
  10       -5.801      25.97      29.68
